// Jest Snapshot v1, https://goo.gl/fbAQLP

exports[`getCurrentRevisionHash it returns the current revision hash 1`] = `"f670616d11764c7b0869c1fe769423e8cd71c537"`;

exports[`getMergeBaseHash it returns the current revision hash 1`] = `"c42dae43c973a141cf0f15d9bcb6f32093e1c1d2"`;
